// Jest Snapshot v1, https://goo.gl/fbAQLP

exports[`match snapshot 1`] = `
<div
  data-testid="empty-result"
>
  Sorry, you don't have any active result
</div>
`;
